\BOOKMARK [0][-]{chapter*.1}{\376\377\000D\000e\000c\000l\000a\000r\000a\000t\000i\000o\000n\000\040\000o\000f\000\040\000A\000u\000t\000h\000o\000r\000s\000h\000i\000p}{}% 1
\BOOKMARK [0][-]{chapter*.2}{\376\377\000P\000a\000g\000e\000\040\000o\000f\000\040\000A\000p\000p\000r\000o\000v\000a\000l}{}% 2
\BOOKMARK [0][-]{chapter*.3}{\376\377\000C\000o\000p\000y\000r\000i\000g\000h\000t}{}% 3
\BOOKMARK [0][-]{chapter*.4}{\376\377\000A\000c\000k\000n\000o\000w\000l\000e\000d\000g\000e\000m\000e\000n\000t\000s}{}% 4
\BOOKMARK [0][-]{chapter*.5}{\376\377\000A\000b\000s\000t\000r\000a\000c\000t}{}% 5
\BOOKMARK [0][-]{chapter*.6}{\376\377\000C\000o\000n\000t\000e\000n\000t\000s}{}% 6
\BOOKMARK [0][-]{chapter*.7}{\376\377\000L\000i\000s\000t\000\040\000o\000f\000\040\000F\000i\000g\000u\000r\000e\000s}{}% 7
\BOOKMARK [0][-]{chapter*.8}{\376\377\000L\000i\000s\000t\000\040\000o\000f\000\040\000T\000a\000b\000l\000e\000s}{}% 8
\BOOKMARK [0][-]{chapter*.9}{\376\377\000L\000i\000s\000t\000\040\000o\000f\000\040\000A\000b\000b\000r\000e\000v\000i\000a\000t\000i\000o\000n\000s}{}% 9
\BOOKMARK [0][-]{chapter.1}{\376\377\000I\000n\000t\000r\000o\000d\000u\000c\000t\000i\000o\000n}{}% 10
\BOOKMARK [1][-]{section.1.1}{\376\377\000B\000a\000c\000k\000g\000r\000o\000u\000n\000d}{chapter.1}% 11
\BOOKMARK [1][-]{section.1.2}{\376\377\000P\000r\000o\000b\000l\000e\000m\000\040\000S\000t\000a\000t\000e\000m\000e\000n\000t}{chapter.1}% 12
\BOOKMARK [1][-]{section.1.3}{\376\377\000O\000b\000j\000e\000c\000t\000i\000v\000e\000s}{chapter.1}% 13
\BOOKMARK [2][-]{subsection.1.3.1}{\376\377\000G\000e\000n\000e\000r\000a\000l\000\040\000O\000b\000j\000e\000c\000t\000i\000v\000e\000s}{section.1.3}% 14
\BOOKMARK [2][-]{subsection.1.3.2}{\376\377\000S\000p\000e\000c\000i\000f\000i\000c\000\040\000O\000b\000j\000e\000c\000t\000i\000v\000e\000s}{section.1.3}% 15
\BOOKMARK [1][-]{section.1.4}{\376\377\000R\000a\000t\000i\000o\000n\000a\000l\000e}{chapter.1}% 16
\BOOKMARK [1][-]{section.1.5}{\376\377\000S\000c\000o\000p\000e}{chapter.1}% 17
\BOOKMARK [1][-]{section.1.6}{\376\377\000L\000i\000m\000i\000t\000a\000t\000i\000o\000n\000s}{chapter.1}% 18
\BOOKMARK [1][-]{section.1.7}{\376\377\000O\000u\000t\000l\000i\000n\000e\000\040\000o\000f\000\040\000t\000h\000e\000\040\000R\000e\000p\000o\000r\000t}{chapter.1}% 19
\BOOKMARK [0][-]{chapter.2}{\376\377\000L\000i\000t\000e\000r\000a\000t\000u\000r\000e\000\040\000R\000e\000v\000i\000e\000w}{}% 20
\BOOKMARK [1][-]{section.2.1}{\376\377\000R\000e\000v\000i\000e\000w\000\040\000o\000f\000\040\000R\000e\000l\000a\000t\000e\000d\000\040\000T\000h\000e\000o\000r\000y}{chapter.2}% 21
\BOOKMARK [2][-]{subsection.2.1.1}{\376\377\000R\000o\000l\000e\000-\000B\000a\000s\000e\000d\000\040\000A\000c\000c\000e\000s\000s\000\040\000C\000o\000n\000t\000r\000o\000l\000\040\000\050\000R\000B\000A\000C\000\051}{section.2.1}% 22
\BOOKMARK [2][-]{subsection.2.1.2}{\376\377\000R\000e\000p\000r\000e\000s\000e\000n\000t\000a\000t\000i\000o\000n\000a\000l\000\040\000S\000t\000a\000t\000e\000\040\000T\000r\000a\000n\000s\000f\000e\000r\000\040\000\050\000R\000E\000S\000T\000\051}{section.2.1}% 23
\BOOKMARK [2][-]{subsection.2.1.3}{\376\377\000J\000S\000O\000N\000\040\000W\000e\000b\000\040\000T\000o\000k\000e\000n\000s\000\040\000\050\000J\000W\000T\000\051}{section.2.1}% 24
\BOOKMARK [2][-]{subsection.2.1.4}{\376\377\000O\000b\000j\000e\000c\000t\000-\000R\000e\000l\000a\000t\000i\000o\000n\000a\000l\000\040\000M\000a\000p\000p\000i\000n\000g\000\040\000\050\000O\000R\000M\000\051}{section.2.1}% 25
\BOOKMARK [2][-]{subsection.2.1.5}{\376\377\000A\000g\000i\000l\000e\000\040\000S\000c\000r\000u\000m\000\040\000M\000e\000t\000h\000o\000d\000o\000l\000o\000g\000y}{section.2.1}% 26
\BOOKMARK [2][-]{subsection.2.1.6}{\376\377\000H\000e\000a\000d\000l\000e\000s\000s\000\040\000B\000r\000o\000w\000s\000e\000r\000\040\000A\000u\000t\000o\000m\000a\000t\000i\000o\000n\000\040\000a\000n\000d\000\040\000P\000D\000F\000\040\000G\000e\000n\000e\000r\000a\000t\000i\000o\000n}{section.2.1}% 27
\BOOKMARK [1][-]{section.2.2}{\376\377\000R\000e\000v\000i\000e\000w\000\040\000o\000f\000\040\000R\000e\000l\000a\000t\000e\000d\000\040\000W\000o\000r\000k\000s}{chapter.2}% 28
\BOOKMARK [2][-]{subsection.2.2.1}{\376\377\000M\000o\000o\000d\000l\000e\000\040\000L\000e\000a\000r\000n\000i\000n\000g\000\040\000M\000a\000n\000a\000g\000e\000m\000e\000n\000t\000\040\000S\000y\000s\000t\000e\000m}{section.2.2}% 29
\BOOKMARK [2][-]{subsection.2.2.2}{\376\377\000P\000r\000o\000Q\000u\000e\000s\000t\000\040\000E\000T\000D\000\040\000M\000a\000n\000a\000g\000e\000m\000e\000n\000t}{section.2.2}% 30
\BOOKMARK [2][-]{subsection.2.2.3}{\376\377\000T\000u\000r\000n\000i\000t\000i\000n\000\040\000A\000c\000a\000d\000e\000m\000i\000c\000\040\000I\000n\000t\000e\000g\000r\000i\000t\000y\000\040\000P\000l\000a\000t\000f\000o\000r\000m}{section.2.2}% 31
\BOOKMARK [2][-]{subsection.2.2.4}{\376\377\000K\000a\000u\000r\000\040\000a\000n\000d\000\040\000S\000i\000n\000g\000h\000\040\000\050\0002\0000\0001\0004\000\051}{section.2.2}% 32
\BOOKMARK [2][-]{subsection.2.2.5}{\376\377\000S\000h\000a\000r\000m\000a\000\040\000e\000t\000\040\000a\000l\000.\000\040\000\050\0002\0000\0001\0009\000\051}{section.2.2}% 33
\BOOKMARK [1][-]{section.2.3}{\376\377\000G\000a\000p\000\040\000A\000n\000a\000l\000y\000s\000i\000s}{chapter.2}% 34
\BOOKMARK [0][-]{chapter.3}{\376\377\000M\000e\000t\000h\000o\000d\000o\000l\000o\000g\000y}{}% 35
\BOOKMARK [1][-]{section.3.1}{\376\377\000P\000r\000o\000j\000e\000c\000t\000\040\000A\000p\000p\000r\000o\000a\000c\000h}{chapter.3}% 36
\BOOKMARK [1][-]{section.3.2}{\376\377\000S\000y\000s\000t\000e\000m\000\040\000A\000r\000c\000h\000i\000t\000e\000c\000t\000u\000r\000e}{chapter.3}% 37
\BOOKMARK [1][-]{section.3.3}{\376\377\000S\000y\000s\000t\000e\000m\000\040\000D\000e\000s\000i\000g\000n\000\040\000a\000n\000d\000\040\000M\000o\000d\000u\000l\000e\000s}{chapter.3}% 38
\BOOKMARK [2][-]{subsection.3.3.1}{\376\377\000A\000u\000t\000h\000e\000n\000t\000i\000c\000a\000t\000i\000o\000n\000\040\000a\000n\000d\000\040\000A\000u\000t\000h\000o\000r\000i\000z\000a\000t\000i\000o\000n\000\040\000M\000o\000d\000u\000l\000e}{section.3.3}% 39
\BOOKMARK [2][-]{subsection.3.3.2}{\376\377\000A\000n\000n\000o\000u\000n\000c\000e\000m\000e\000n\000t\000\040\000a\000n\000d\000\040\000G\000r\000o\000u\000p\000\040\000F\000o\000r\000m\000a\000t\000i\000o\000n\000\040\000M\000o\000d\000u\000l\000e}{section.3.3}% 40
\BOOKMARK [2][-]{subsection.3.3.3}{\376\377\000C\000o\000o\000r\000d\000i\000n\000a\000t\000o\000r\000\040\000R\000e\000s\000p\000o\000n\000s\000e\000\040\000M\000a\000t\000r\000i\000x\000\040\000M\000o\000d\000u\000l\000e}{section.3.3}% 41
\BOOKMARK [2][-]{subsection.3.3.4}{\376\377\000E\000v\000a\000l\000u\000a\000t\000i\000o\000n\000\040\000R\000u\000b\000r\000i\000c\000\040\000E\000n\000g\000i\000n\000e}{section.3.3}% 42
\BOOKMARK [2][-]{subsection.3.3.5}{\376\377\000P\000D\000F\000\040\000G\000r\000a\000d\000e\000\040\000S\000h\000e\000e\000t\000\040\000G\000e\000n\000e\000r\000a\000t\000i\000o\000n\000\040\000M\000o\000d\000u\000l\000e}{section.3.3}% 43
\BOOKMARK [2][-]{subsection.3.3.6}{\376\377\000E\000x\000c\000e\000l\000\040\000B\000u\000l\000k\000\040\000I\000m\000p\000o\000r\000t\000\040\000M\000o\000d\000u\000l\000e}{section.3.3}% 44
\BOOKMARK [2][-]{subsection.3.3.7}{\376\377\000N\000o\000t\000i\000f\000i\000c\000a\000t\000i\000o\000n\000\040\000a\000n\000d\000\040\000A\000u\000d\000i\000t\000\040\000M\000o\000d\000u\000l\000e}{section.3.3}% 45
\BOOKMARK [1][-]{section.3.4}{\376\377\000T\000e\000c\000h\000n\000o\000l\000o\000g\000y\000\040\000S\000t\000a\000c\000k}{chapter.3}% 46
\BOOKMARK [1][-]{section.3.5}{\376\377\000D\000e\000v\000e\000l\000o\000p\000m\000e\000n\000t\000\040\000M\000e\000t\000h\000o\000d\000o\000l\000o\000g\000y}{chapter.3}% 47
\BOOKMARK [1][-]{section.3.6}{\376\377\000D\000a\000t\000a\000\040\000H\000a\000n\000d\000l\000i\000n\000g}{chapter.3}% 48
\BOOKMARK [1][-]{section.3.7}{\376\377\000T\000e\000s\000t\000i\000n\000g\000\040\000a\000n\000d\000\040\000V\000a\000l\000i\000d\000a\000t\000i\000o\000n}{chapter.3}% 49
\BOOKMARK [1][-]{section.3.8}{\376\377\000D\000e\000p\000l\000o\000y\000m\000e\000n\000t\000\040\000S\000e\000t\000u\000p}{chapter.3}% 50
\BOOKMARK [0][-]{chapter.4}{\376\377\000I\000m\000p\000l\000e\000m\000e\000n\000t\000a\000t\000i\000o\000n\000\040\000D\000e\000t\000a\000i\000l\000s}{}% 51
\BOOKMARK [1][-]{section.4.1}{\376\377\000R\000e\000q\000u\000i\000r\000e\000m\000e\000n\000t\000s\000\040\000S\000p\000e\000c\000i\000f\000i\000c\000a\000t\000i\000o\000n}{chapter.4}% 52
\BOOKMARK [2][-]{subsection.4.1.1}{\376\377\000F\000u\000n\000c\000t\000i\000o\000n\000a\000l\000\040\000R\000e\000q\000u\000i\000r\000e\000m\000e\000n\000t\000s}{section.4.1}% 53
\BOOKMARK [2][-]{subsection.4.1.2}{\376\377\000N\000o\000n\000-\000F\000u\000n\000c\000t\000i\000o\000n\000a\000l\000\040\000R\000e\000q\000u\000i\000r\000e\000m\000e\000n\000t\000s}{section.4.1}% 54
\BOOKMARK [1][-]{section.4.2}{\376\377\000S\000y\000s\000t\000e\000m\000\040\000O\000v\000e\000r\000v\000i\000e\000w}{chapter.4}% 55
\BOOKMARK [1][-]{section.4.3}{\376\377\000D\000e\000v\000e\000l\000o\000p\000m\000e\000n\000t\000\040\000E\000n\000v\000i\000r\000o\000n\000m\000e\000n\000t}{chapter.4}% 56
\BOOKMARK [1][-]{section.4.4}{\376\377\000S\000y\000s\000t\000e\000m\000\040\000I\000m\000p\000l\000e\000m\000e\000n\000t\000a\000t\000i\000o\000n}{chapter.4}% 57
\BOOKMARK [2][-]{subsection.4.4.1}{\376\377\000D\000a\000t\000a\000b\000a\000s\000e\000\040\000S\000c\000h\000e\000m\000a\000\040\000D\000e\000s\000i\000g\000n}{section.4.4}% 58
\BOOKMARK [2][-]{subsection.4.4.2}{\376\377\000A\000u\000t\000h\000e\000n\000t\000i\000c\000a\000t\000i\000o\000n\000\040\000M\000o\000d\000u\000l\000e}{section.4.4}% 59
\BOOKMARK [2][-]{subsection.4.4.3}{\376\377\000G\000r\000o\000u\000p\000\040\000F\000o\000r\000m\000a\000t\000i\000o\000n\000\040\000a\000n\000d\000\040\000E\000n\000g\000a\000g\000e\000m\000e\000n\000t\000\040\000G\000u\000a\000r\000d}{section.4.4}% 60
\BOOKMARK [2][-]{subsection.4.4.4}{\376\377\000C\000o\000n\000f\000l\000i\000c\000t\000-\000o\000f\000-\000I\000n\000t\000e\000r\000e\000s\000t\000\040\000F\000i\000l\000t\000e\000r}{section.4.4}% 61
\BOOKMARK [2][-]{subsection.4.4.5}{\376\377\000E\000v\000a\000l\000u\000a\000t\000i\000o\000n\000\040\000R\000u\000b\000r\000i\000c\000\040\000E\000n\000g\000i\000n\000e}{section.4.4}% 62
\BOOKMARK [2][-]{subsection.4.4.6}{\376\377\000P\000D\000F\000\040\000G\000r\000a\000d\000e\000\040\000S\000h\000e\000e\000t\000\040\000G\000e\000n\000e\000r\000a\000t\000i\000o\000n}{section.4.4}% 63
\BOOKMARK [2][-]{subsection.4.4.7}{\376\377\000E\000x\000c\000e\000l\000\040\000B\000u\000l\000k\000\040\000I\000m\000p\000o\000r\000t\000\040\000P\000i\000p\000e\000l\000i\000n\000e}{section.4.4}% 64
\BOOKMARK [1][-]{section.4.5}{\376\377\000I\000n\000t\000e\000r\000f\000a\000c\000e\000\040\000a\000n\000d\000\040\000V\000i\000s\000u\000a\000l\000i\000z\000a\000t\000i\000o\000n}{chapter.4}% 65
\BOOKMARK [1][-]{section.4.6}{\376\377\000D\000e\000p\000l\000o\000y\000m\000e\000n\000t\000\040\000a\000n\000d\000\040\000E\000x\000e\000c\000u\000t\000i\000o\000n}{chapter.4}% 66
\BOOKMARK [1][-]{section.4.7}{\376\377\000C\000h\000a\000l\000l\000e\000n\000g\000e\000s\000\040\000a\000n\000d\000\040\000S\000o\000l\000u\000t\000i\000o\000n\000s}{chapter.4}% 67
\BOOKMARK [0][-]{chapter.5}{\376\377\000R\000e\000s\000u\000l\000t\000s\000\040\000a\000n\000d\000\040\000D\000i\000s\000c\000u\000s\000s\000i\000o\000n}{}% 68
\BOOKMARK [1][-]{section.5.1}{\376\377\000R\000e\000s\000u\000l\000t\000s}{chapter.5}% 69
\BOOKMARK [2][-]{subsection.5.1.1}{\376\377\000U\000n\000i\000t\000\040\000T\000e\000s\000t\000i\000n\000g\000\040\000R\000e\000s\000u\000l\000t\000s}{section.5.1}% 70
\BOOKMARK [2][-]{subsection.5.1.2}{\376\377\000I\000n\000t\000e\000g\000r\000a\000t\000i\000o\000n\000\040\000T\000e\000s\000t\000i\000n\000g\000\040\000R\000e\000s\000u\000l\000t\000s}{section.5.1}% 71
\BOOKMARK [2][-]{subsection.5.1.3}{\376\377\000S\000e\000c\000u\000r\000i\000t\000y\000\040\000T\000e\000s\000t\000i\000n\000g\000\040\000R\000e\000s\000u\000l\000t\000s}{section.5.1}% 72
\BOOKMARK [2][-]{subsection.5.1.4}{\376\377\000U\000s\000e\000r\000\040\000A\000c\000c\000e\000p\000t\000a\000n\000c\000e\000\040\000T\000e\000s\000t\000i\000n\000g\000\040\000R\000e\000s\000u\000l\000t\000s}{section.5.1}% 73
\BOOKMARK [2][-]{subsection.5.1.5}{\376\377\000S\000y\000s\000t\000e\000m\000\040\000P\000e\000r\000f\000o\000r\000m\000a\000n\000c\000e\000\040\000B\000e\000n\000c\000h\000m\000a\000r\000k\000s}{section.5.1}% 74
\BOOKMARK [1][-]{section.5.2}{\376\377\000D\000i\000s\000c\000u\000s\000s\000i\000o\000n}{chapter.5}% 75
\BOOKMARK [1][-]{section.5.3}{\376\377\000C\000o\000m\000p\000a\000r\000a\000t\000i\000v\000e\000\040\000A\000n\000a\000l\000y\000s\000i\000s}{chapter.5}% 76
\BOOKMARK [0][-]{chapter.6}{\376\377\000C\000o\000n\000c\000l\000u\000s\000i\000o\000n\000s\000\040\000a\000n\000d\000\040\000R\000e\000c\000o\000m\000m\000e\000n\000d\000a\000t\000i\000o\000n\000s}{}% 77
\BOOKMARK [1][-]{section.6.1}{\376\377\000C\000o\000n\000c\000l\000u\000s\000i\000o\000n\000s}{chapter.6}% 78
\BOOKMARK [1][-]{section.6.2}{\376\377\000R\000e\000c\000o\000m\000m\000e\000n\000d\000a\000t\000i\000o\000n\000s\000\040\000a\000n\000d\000\040\000F\000u\000t\000u\000r\000e\000\040\000E\000n\000h\000a\000n\000c\000e\000m\000e\000n\000t\000s}{chapter.6}% 79
\BOOKMARK [1][-]{Item.34}{\376\377\000R\000e\000f\000e\000r\000e\000n\000c\000e\000s}{chapter.6}% 80
\BOOKMARK [1][-]{chapter*.26}{\376\377\000A\000p\000p\000e\000n\000d\000i\000c\000e\000s}{chapter.6}% 81
\BOOKMARK [0][-]{chapter*.27}{\376\377\000A\000p\000p\000e\000n\000d\000i\000x\000\040\000A\000:\000\040\000S\000y\000s\000t\000e\000m\000\040\000A\000P\000I\000\040\000R\000o\000u\000t\000e\000\040\000R\000e\000f\000e\000r\000e\000n\000c\000e}{}% 82
\BOOKMARK [0][-]{chapter*.28}{\376\377\000A\000p\000p\000e\000n\000d\000i\000x\000\040\000B\000:\000\040\000T\000e\000c\000h\000n\000o\000l\000o\000g\000y\000\040\000V\000e\000r\000s\000i\000o\000n\000\040\000R\000e\000f\000e\000r\000e\000n\000c\000e}{}% 83
\BOOKMARK [0][-]{chapter*.29}{\376\377\000A\000p\000p\000e\000n\000d\000i\000x\000\040\000C\000:\000\040\000D\000a\000t\000a\000b\000a\000s\000e\000\040\000E\000n\000u\000m\000\040\000T\000y\000p\000e\000s}{}% 84
