\BOOKMARK [0][-]{chapter*.1}{\376\377\000P\000a\000g\000e\000\040\000o\000f\000\040\000A\000p\000p\000r\000o\000v\000a\000l}{}% 1
\BOOKMARK [0][-]{chapter*.2}{\376\377\000C\000o\000p\000y\000r\000i\000g\000h\000t}{}% 2
\BOOKMARK [0][-]{chapter*.3}{\376\377\000A\000c\000k\000n\000o\000w\000l\000e\000d\000g\000e\000m\000e\000n\000t\000s}{}% 3
\BOOKMARK [0][-]{chapter*.4}{\376\377\000A\000b\000s\000t\000r\000a\000c\000t}{}% 4
\BOOKMARK [0][-]{chapter*.6}{\376\377\000L\000i\000s\000t\000\040\000o\000f\000\040\000F\000i\000g\000u\000r\000e\000s}{}% 5
\BOOKMARK [0][-]{chapter*.7}{\376\377\000L\000i\000s\000t\000\040\000o\000f\000\040\000T\000a\000b\000l\000e\000s}{}% 6
\BOOKMARK [0][-]{chapter*.8}{\376\377\000L\000i\000s\000t\000\040\000o\000f\000\040\000A\000b\000b\000r\000e\000v\000i\000a\000t\000i\000o\000n\000s}{}% 7
\BOOKMARK [0][-]{chapter.1}{\376\377\000I\000n\000t\000r\000o\000d\000u\000c\000t\000i\000o\000n}{}% 8
\BOOKMARK [1][-]{section.1.1}{\376\377\000B\000a\000c\000k\000g\000r\000o\000u\000n\000d}{chapter.1}% 9
\BOOKMARK [1][-]{section.1.2}{\376\377\000P\000r\000o\000b\000l\000e\000m\000\040\000S\000t\000a\000t\000e\000m\000e\000n\000t}{chapter.1}% 10
\BOOKMARK [1][-]{section.1.3}{\376\377\000O\000b\000j\000e\000c\000t\000i\000v\000e\000s}{chapter.1}% 11
\BOOKMARK [1][-]{section.1.4}{\376\377\000S\000c\000o\000p\000e\000\040\000\046\000\040\000L\000i\000m\000i\000t\000a\000t\000i\000o\000n\000s}{chapter.1}% 12
\BOOKMARK [2][-]{subsection.1.4.1}{\376\377\000S\000c\000o\000p\000e}{section.1.4}% 13
\BOOKMARK [2][-]{subsection.1.4.2}{\376\377\000L\000i\000m\000i\000t\000a\000t\000i\000o\000n\000s}{section.1.4}% 14
\BOOKMARK [1][-]{section.1.5}{\376\377\000R\000e\000p\000o\000r\000t\000\040\000O\000r\000g\000a\000n\000i\000z\000a\000t\000i\000o\000n}{chapter.1}% 15
\BOOKMARK [0][-]{chapter.2}{\376\377\000L\000i\000t\000e\000r\000a\000t\000u\000r\000e\000\040\000R\000e\000v\000i\000e\000w}{}% 16
\BOOKMARK [1][-]{section.2.1}{\376\377\000R\000e\000l\000a\000t\000e\000d\000\040\000W\000o\000r\000k}{chapter.2}% 17
\BOOKMARK [2][-]{subsection.2.1.1}{\376\377\000L\000e\000a\000r\000n\000i\000n\000g\000\040\000M\000a\000n\000a\000g\000e\000m\000e\000n\000t\000\040\000S\000y\000s\000t\000e\000m\000s\000\040\000a\000n\000d\000\040\000T\000h\000e\000i\000r\000\040\000L\000i\000m\000i\000t\000a\000t\000i\000o\000n\000s}{section.2.1}% 18
\BOOKMARK [2][-]{subsection.2.1.2}{\376\377\000T\000h\000e\000s\000i\000s\000\040\000R\000e\000p\000o\000s\000i\000t\000o\000r\000y\000\040\000S\000y\000s\000t\000e\000m\000s}{section.2.1}% 19
\BOOKMARK [2][-]{subsection.2.1.3}{\376\377\000A\000c\000a\000d\000e\000m\000i\000c\000\040\000P\000r\000o\000j\000e\000c\000t\000\040\000M\000a\000n\000a\000g\000e\000m\000e\000n\000t\000\040\000T\000o\000o\000l\000s\000\040\000i\000n\000\040\000N\000e\000p\000a\000l\000i\000\040\000C\000o\000n\000t\000e\000x\000t}{section.2.1}% 20
\BOOKMARK [1][-]{section.2.2}{\376\377\000R\000e\000l\000a\000t\000e\000d\000\040\000T\000h\000e\000o\000r\000y}{chapter.2}% 21
\BOOKMARK [2][-]{subsection.2.2.1}{\376\377\000S\000i\000n\000g\000l\000e\000-\000P\000a\000g\000e\000\040\000A\000p\000p\000l\000i\000c\000a\000t\000i\000o\000n\000\040\000A\000r\000c\000h\000i\000t\000e\000c\000t\000u\000r\000e}{section.2.2}% 22
\BOOKMARK [2][-]{subsection.2.2.2}{\376\377\000R\000E\000S\000T\000f\000u\000l\000\040\000A\000P\000I\000\040\000D\000e\000s\000i\000g\000n\000\040\000a\000n\000d\000\040\000J\000W\000T\000\040\000A\000u\000t\000h\000e\000n\000t\000i\000c\000a\000t\000i\000o\000n}{section.2.2}% 23
\BOOKMARK [2][-]{subsection.2.2.3}{\376\377\000O\000b\000j\000e\000c\000t\000-\000R\000e\000l\000a\000t\000i\000o\000n\000a\000l\000\040\000M\000a\000p\000p\000i\000n\000g\000\040\000w\000i\000t\000h\000\040\000P\000r\000i\000s\000m\000a}{section.2.2}% 24
\BOOKMARK [2][-]{subsection.2.2.4}{\376\377\000S\000e\000r\000v\000e\000r\000-\000S\000i\000d\000e\000\040\000H\000e\000a\000d\000l\000e\000s\000s\000\040\000P\000D\000F\000\040\000G\000e\000n\000e\000r\000a\000t\000i\000o\000n}{section.2.2}% 25
\BOOKMARK [2][-]{subsection.2.2.5}{\376\377\000R\000e\000t\000r\000i\000e\000v\000a\000l\000-\000A\000u\000g\000m\000e\000n\000t\000e\000d\000\040\000G\000e\000n\000e\000r\000a\000t\000i\000o\000n\000\040\000\050\000R\000A\000G\000\051}{section.2.2}% 26
\BOOKMARK [2][-]{subsection.2.2.6}{\376\377\000A\000g\000i\000l\000e\000\040\000S\000o\000f\000t\000w\000a\000r\000e\000\040\000D\000e\000v\000e\000l\000o\000p\000m\000e\000n\000t}{section.2.2}% 27
\BOOKMARK [0][-]{chapter.3}{\376\377\000M\000e\000t\000h\000o\000d\000o\000l\000o\000g\000y}{}% 28
\BOOKMARK [1][-]{section.3.1}{\376\377\000S\000o\000f\000t\000w\000a\000r\000e\000\040\000D\000e\000v\000e\000l\000o\000p\000m\000e\000n\000t\000\040\000L\000i\000f\000e\000\040\000C\000y\000c\000l\000e\000\040\000M\000o\000d\000e\000l}{chapter.3}% 29
\BOOKMARK [1][-]{section.3.2}{\376\377\000R\000e\000q\000u\000i\000r\000e\000m\000e\000n\000t\000\040\000A\000n\000a\000l\000y\000s\000i\000s\000\040\000\046\000\040\000F\000e\000a\000s\000i\000b\000i\000l\000i\000t\000y\000\040\000S\000t\000u\000d\000y}{chapter.3}% 30
\BOOKMARK [2][-]{subsection.3.2.1}{\376\377\000F\000u\000n\000c\000t\000i\000o\000n\000a\000l\000\040\000R\000e\000q\000u\000i\000r\000e\000m\000e\000n\000t\000s}{section.3.2}% 31
\BOOKMARK [2][-]{subsection.3.2.2}{\376\377\000N\000o\000n\000-\000F\000u\000n\000c\000t\000i\000o\000n\000a\000l\000\040\000R\000e\000q\000u\000i\000r\000e\000m\000e\000n\000t\000s}{section.3.2}% 32
\BOOKMARK [2][-]{subsection.3.2.3}{\376\377\000F\000e\000a\000s\000i\000b\000i\000l\000i\000t\000y\000\040\000S\000t\000u\000d\000y}{section.3.2}% 33
\BOOKMARK [1][-]{section.3.3}{\376\377\000S\000p\000r\000i\000n\000t\000\040\000P\000l\000a\000n}{chapter.3}% 34
\BOOKMARK [1][-]{section.3.4}{\376\377\000T\000e\000c\000h\000n\000o\000l\000o\000g\000y\000\040\000S\000t\000a\000c\000k\000\040\000S\000e\000l\000e\000c\000t\000i\000o\000n}{chapter.3}% 35
\BOOKMARK [1][-]{section.3.5}{\376\377\000S\000e\000c\000u\000r\000i\000t\000y\000\040\000D\000e\000s\000i\000g\000n\000\040\000\046\000\040\000R\000B\000A\000C\000\040\000P\000o\000l\000i\000c\000y}{chapter.3}% 36
\BOOKMARK [0][-]{chapter.4}{\376\377\000S\000y\000s\000t\000e\000m\000\040\000D\000e\000s\000i\000g\000n}{}% 37
\BOOKMARK [1][-]{section.4.1}{\376\377\000S\000y\000s\000t\000e\000m\000\040\000A\000r\000c\000h\000i\000t\000e\000c\000t\000u\000r\000e}{chapter.4}% 38
\BOOKMARK [2][-]{subsection.4.1.1}{\376\377\000P\000r\000e\000s\000e\000n\000t\000a\000t\000i\000o\000n\000\040\000T\000i\000e\000r\000\040\000\050\000C\000l\000i\000e\000n\000t\000\040\000L\000a\000y\000e\000r\000\051}{section.4.1}% 39
\BOOKMARK [2][-]{subsection.4.1.2}{\376\377\000A\000p\000p\000l\000i\000c\000a\000t\000i\000o\000n\000\040\000T\000i\000e\000r\000\040\000\050\000B\000a\000c\000k\000e\000n\000d\000\040\000P\000r\000o\000c\000e\000s\000s\000i\000n\000g\000\040\000L\000a\000y\000e\000r\000\051}{section.4.1}% 40
\BOOKMARK [2][-]{subsection.4.1.3}{\376\377\000D\000a\000t\000a\000\040\000T\000i\000e\000r\000\040\000\050\000P\000e\000r\000s\000i\000s\000t\000e\000n\000c\000e\000\040\000L\000a\000y\000e\000r\000\051}{section.4.1}% 41
\BOOKMARK [2][-]{subsection.4.1.4}{\376\377\000I\000n\000t\000e\000r\000-\000T\000i\000e\000r\000\040\000C\000o\000m\000m\000u\000n\000i\000c\000a\000t\000i\000o\000n}{section.4.1}% 42
\BOOKMARK [1][-]{section.4.2}{\376\377\000U\000s\000e\000\040\000C\000a\000s\000e\000\040\000D\000i\000a\000g\000r\000a\000m}{chapter.4}% 43
\BOOKMARK [1][-]{section.4.3}{\376\377\000E\000n\000t\000i\000t\000y\000-\000R\000e\000l\000a\000t\000i\000o\000n\000s\000h\000i\000p\000\040\000D\000i\000a\000g\000r\000a\000m}{chapter.4}% 44
\BOOKMARK [1][-]{section.4.4}{\376\377\000D\000a\000t\000a\000\040\000F\000l\000o\000w\000\040\000D\000i\000a\000g\000r\000a\000m\000\040\000\050\000L\000e\000v\000e\000l\000\040\0001\000\051}{chapter.4}% 45
\BOOKMARK [1][-]{section.4.5}{\376\377\000B\000e\000h\000a\000v\000i\000o\000r\000a\000l\000\040\000D\000i\000a\000g\000r\000a\000m\000s}{chapter.4}% 46
\BOOKMARK [2][-]{subsection.4.5.1}{\376\377\000E\000x\000c\000e\000l\000\040\000B\000a\000t\000c\000h\000\040\000I\000m\000p\000o\000r\000t\000\040\000S\000e\000q\000u\000e\000n\000c\000e}{section.4.5}% 47
\BOOKMARK [2][-]{subsection.4.5.2}{\376\377\000S\000u\000p\000e\000r\000v\000i\000s\000o\000r\000\040\000A\000s\000s\000i\000g\000n\000m\000e\000n\000t\000\040\000S\000e\000q\000u\000e\000n\000c\000e}{section.4.5}% 48
\BOOKMARK [2][-]{subsection.4.5.3}{\376\377\000E\000v\000a\000l\000u\000a\000t\000i\000o\000n\000\040\000\046\000\040\000P\000D\000F\000\040\000G\000e\000n\000e\000r\000a\000t\000i\000o\000n\000\040\000S\000e\000q\000u\000e\000n\000c\000e}{section.4.5}% 49
\BOOKMARK [1][-]{section.4.6}{\376\377\000P\000r\000o\000j\000e\000c\000t\000\040\000S\000c\000h\000e\000d\000u\000l\000e}{chapter.4}% 50
\BOOKMARK [0][-]{chapter.5}{\376\377\000E\000x\000p\000e\000r\000i\000m\000e\000n\000t\000a\000l\000\040\000S\000e\000t\000u\000p\000\040\000\046\000\040\000I\000m\000p\000l\000e\000m\000e\000n\000t\000a\000t\000i\000o\000n}{}% 51
\BOOKMARK [1][-]{section.5.1}{\376\377\000D\000e\000v\000e\000l\000o\000p\000m\000e\000n\000t\000\040\000E\000n\000v\000i\000r\000o\000n\000m\000e\000n\000t}{chapter.5}% 52
\BOOKMARK [1][-]{section.5.2}{\376\377\000D\000a\000t\000a\000b\000a\000s\000e\000\040\000S\000c\000h\000e\000m\000a\000\040\000I\000m\000p\000l\000e\000m\000e\000n\000t\000a\000t\000i\000o\000n}{chapter.5}% 53
\BOOKMARK [1][-]{section.5.3}{\376\377\000P\000D\000F\000\040\000R\000e\000n\000d\000e\000r\000i\000n\000g\000\040\000E\000n\000g\000i\000n\000e\000\040\000I\000m\000p\000l\000e\000m\000e\000n\000t\000a\000t\000i\000o\000n}{chapter.5}% 54
\BOOKMARK [1][-]{section.5.4}{\376\377\000R\000A\000G\000\040\000A\000I\000\040\000M\000i\000c\000r\000o\000s\000e\000r\000v\000i\000c\000e\000\040\000S\000e\000t\000u\000p}{chapter.5}% 55
\BOOKMARK [1][-]{section.5.5}{\376\377\000E\000x\000c\000e\000l\000\040\000B\000u\000l\000k\000\040\000I\000m\000p\000o\000r\000t\000\040\000M\000o\000d\000u\000l\000e}{chapter.5}% 56
\BOOKMARK [0][-]{chapter.6}{\376\377\000R\000e\000s\000u\000l\000t\000s\000\040\000\046\000\040\000D\000i\000s\000c\000u\000s\000s\000i\000o\000n}{}% 57
\BOOKMARK [1][-]{section.6.1}{\376\377\000S\000y\000s\000t\000e\000m\000\040\000D\000e\000p\000l\000o\000y\000m\000e\000n\000t\000\040\000\046\000\040\000U\000s\000e\000r\000\040\000R\000o\000l\000e\000s}{chapter.6}% 58
\BOOKMARK [1][-]{section.6.2}{\376\377\000P\000D\000F\000\040\000E\000v\000a\000l\000u\000a\000t\000i\000o\000n\000\040\000S\000h\000e\000e\000t\000\040\000G\000e\000n\000e\000r\000a\000t\000i\000o\000n\000\040\000P\000e\000r\000f\000o\000r\000m\000a\000n\000c\000e}{chapter.6}% 59
\BOOKMARK [1][-]{section.6.3}{\376\377\000E\000v\000a\000l\000u\000a\000t\000i\000o\000n\000\040\000M\000a\000r\000k\000\040\000A\000c\000c\000u\000r\000a\000c\000y\000\040\000T\000e\000s\000t\000i\000n\000g}{chapter.6}% 60
\BOOKMARK [1][-]{section.6.4}{\376\377\000R\000B\000A\000C\000\040\000S\000e\000c\000u\000r\000i\000t\000y\000\040\000E\000n\000f\000o\000r\000c\000e\000m\000e\000n\000t\000\040\000T\000e\000s\000t\000i\000n\000g}{chapter.6}% 61
\BOOKMARK [1][-]{section.6.5}{\376\377\000E\000x\000c\000e\000l\000\040\000I\000m\000p\000o\000r\000t\000\040\000A\000n\000o\000m\000a\000l\000y\000\040\000D\000e\000t\000e\000c\000t\000i\000o\000n\000\040\000A\000c\000c\000u\000r\000a\000c\000y}{chapter.6}% 62
\BOOKMARK [1][-]{section.6.6}{\376\377\000R\000A\000G\000\040\000C\000h\000a\000t\000b\000o\000t\000\040\000E\000v\000a\000l\000u\000a\000t\000i\000o\000n}{chapter.6}% 63
\BOOKMARK [1][-]{section.6.7}{\376\377\000C\000o\000m\000p\000a\000r\000a\000t\000i\000v\000e\000\040\000A\000n\000a\000l\000y\000s\000i\000s}{chapter.6}% 64
\BOOKMARK [0][-]{chapter.7}{\376\377\000C\000o\000n\000c\000l\000u\000s\000i\000o\000n\000s}{}% 65
\BOOKMARK [0][-]{chapter.8}{\376\377\000L\000i\000m\000i\000t\000a\000t\000i\000o\000n\000s\000\040\000a\000n\000d\000\040\000F\000u\000t\000u\000r\000e\000\040\000E\000n\000h\000a\000n\000c\000e\000m\000e\000n\000t}{}% 66
\BOOKMARK [1][-]{section.8.1}{\376\377\000C\000u\000r\000r\000e\000n\000t\000\040\000L\000i\000m\000i\000t\000a\000t\000i\000o\000n\000s}{chapter.8}% 67
\BOOKMARK [1][-]{section.8.2}{\376\377\000F\000u\000t\000u\000r\000e\000\040\000E\000n\000h\000a\000n\000c\000e\000m\000e\000n\000t\000\040\000R\000o\000a\000d\000m\000a\000p}{chapter.8}% 68
\BOOKMARK [0][-]{section.8.2}{\376\377\000R\000e\000f\000e\000r\000e\000n\000c\000e\000s}{}% 69
\BOOKMARK [0][-]{chapter.A}{\376\377\000D\000a\000t\000a\000b\000a\000s\000e\000\040\000S\000c\000h\000e\000m\000a\000\040\000S\000o\000u\000r\000c\000e\000\040\000\050\000P\000r\000i\000s\000m\000a\000\040\000E\000x\000c\000e\000r\000p\000t\000\051}{}% 70
\BOOKMARK [0][-]{chapter.B}{\376\377\000A\000P\000I\000\040\000E\000n\000d\000p\000o\000i\000n\000t\000\040\000R\000e\000f\000e\000r\000e\000n\000c\000e}{}% 71
